Microchip MPLAB XC8 Compiler V1.44 ()

Linker command line:

-W-3 --edf=C:\Program Files (x86)\Microchip\xc8\v1.44\dat\en_msgs.txt -cs \
  -h+dist/default/debug\Project.X.debug.sym \
  --cmf=dist/default/debug\Project.X.debug.cmf -z -Q18F4520 \
  -oC:\Users\USER\AppData\Local\Temp\sdd0.2 \
  -Mdist/default/debug/Project.X.debug.map -E1 -ver=XC8 -ASTACK=01E4h-05eeh \
  -pstack=STACK -ACODE=00h-07CFFh -ACONST=00h-07CFFh \
  -ASMALLCONST=0600h-06FFhx119 -AMEDIUMCONST=0600h-07CFFh -ACOMRAM=01h-07Fh \
  -AABS1=00h-05EEh -ABIGRAM=01h-05EEh \
  -ARAM=080h-0FFh,0100h-01FFhx4,0500h-05EEh -ABANK0=080h-0FFh \
  -ABANK1=0100h-01FFh -ABANK2=0200h-02FFh -ABANK3=0300h-03FFh \
  -ABANK4=0400h-04FFh -ABANK5=0500h-05EEh \
  -ASFR=0F80h-0F9Bh,0F9Dh-0FD3h,0FD5h-0FDAh,0FE0h-0FE2h,0FE8h-0FEAh,0FF0h-0FFBh \
  -preset_vec=00h,intcode=08h,intcodelo,powerup,init -pramtop=0600h \
  -psmallconst=SMALLCONST -pmediumconst=MEDIUMCONST -pconst=CONST \
  -AFARRAM=00h-00h -ACONFIG=0300000h-030000Dh -pconfig=CONFIG \
  -AIDLOC=0200000h-0200007h -pidloc=IDLOC -AEEDATA=0F00000h-0F000FFh \
  -peeprom_data=EEDATA \
  -prdata=COMRAM,nvrram=COMRAM,nvbit=COMRAM,rbss=COMRAM,rbit=COMRAM \
  -pfarbss=FARRAM,fardata=FARRAM,nvFARRAM=FARRAM \
  -pintsave_regs=BIGRAM,bigbss=BIGRAM,bigdata=BIGRAM -pbss=RAM \
  -pidata=CODE,irdata=CODE,ibigdata=CODE,ifardata=CODE -prparam=COMRAM \
  C:\Users\USER\AppData\Local\Temp\sdd0.obj \
  dist/default/debug\Project.X.debug.obj 

Object code version is 3.11

Machine type is 18F4520

Call graph: (short form)




                Name                               Link     Load   Length Selector   Space Scale
C:\Users\USER\AppData\Local\Temp\sdd0.obj
                init                                  E        E        4        4       0
                reset_vec                             0        0        6        0       0
                idloc                            200000   200000        8   200000       0
                config                           300000   300000        E   300000       0
dist/default/debug\Project.X.debug.obj
                intcode                               8        8        6        4       0
                temp                                 5E       5E        1        1       1
                smallconst                          600      600       1C      300       0
                text21                             11D0     11D0       20      30E       0
                text20                             1252     1252       18      30E       0
                text19                             123A     123A       18      30E       0
                text18                             1072     1072       3A      30E       0
                intcode_body                        61C      61C      1B2      30E       0
                text16                             10E4     10E4       34      30E       0
                text15                             11F0     11F0       1A      30E       0
                text14                             11B0     11B0       20      30E       0
                text13                             1222     1222       18      30E       0
                text12                             120A     120A       18      30E       0
                text11                             1038     1038       3A      30E       0
                text10                             1118     1118       2A      30E       0
                text9                               E9A      E9A       AE      30E       0
                text8                              10AC     10AC       38      30E       0
                text7                               7CE      7CE      1AC      30E       0
                text6                               CD0      CD0       E6      30E       0
                text5                              118C     118C       24      30E       0
                text4                               BDC      BDC       F4      30E       0
                text3                              1168     1168       24      30E       0
                text2                               ADC      ADC      100      30E       0
                text1                              1142     1142       26      30E       0
                text0                               97A      97A      162      30E       0
                cstackCOMRAM                          1        1       4F        1       1
                dataBANK1                           100      100       E4      100       1
                dataBANK0                            80       80       72       80       1
                dataCOMRAM                           5A       5A        4        1       1
                bssCOMRAM                            50       50        A        1       1
                cinit                               F48      F48       7E      30E       0
                idataBANK1                          DB6      DB6       E4      30E       0
                idataBANK0                          FC6      FC6       72      30E       0
                idataCOMRAM                        126A     126A        4      30E       0

TOTAL           Name                               Link     Load   Length     Space
        CLASS   STACK          

        CLASS   CODE           
                intcode                               8        8        6         0
                init                                  E        E        4         0
                reset_vec                             0        0        6         0
                text21                             11D0     11D0       20         0
                text20                             1252     1252       18         0
                text19                             123A     123A       18         0
                text18                             1072     1072       3A         0
                intcode_body                        61C      61C      1B2         0
                text16                             10E4     10E4       34         0
                text15                             11F0     11F0       1A         0
                text14                             11B0     11B0       20         0
                text13                             1222     1222       18         0
                text12                             120A     120A       18         0
                text11                             1038     1038       3A         0
                text10                             1118     1118       2A         0
                text9                               E9A      E9A       AE         0
                text8                              10AC     10AC       38         0
                text7                               7CE      7CE      1AC         0
                text6                               CD0      CD0       E6         0
                text5                              118C     118C       24         0
                text4                               BDC      BDC       F4         0
                text3                              1168     1168       24         0
                text2                               ADC      ADC      100         0
                text1                              1142     1142       26         0
                text0                               97A      97A      162         0
                cinit                               F48      F48       7E         0
                idataBANK1                          DB6      DB6       E4         0
                idataBANK0                          FC6      FC6       72         0
                idataCOMRAM                        126A     126A        4         0

        CLASS   CONST          

        CLASS   SMALLCONST     
                smallconst                          600      600       1C         0

        CLASS   MEDIUMCONST    

        CLASS   COMRAM         
                temp                                 5E       5E        1         1
                cstackCOMRAM                          1        1       4F         1
                dataCOMRAM                           5A       5A        4         1
                bssCOMRAM                            50       50        A         1

        CLASS   ABS1           

        CLASS   BIGRAM         

        CLASS   RAM            

        CLASS   BANK0          
                dataBANK0                            80       80       72         1

        CLASS   BANK1          
                dataBANK1                           100      100       E4         1

        CLASS   BANK2          

        CLASS   BANK3          

        CLASS   BANK4          

        CLASS   BANK5          

        CLASS   SFR            

        CLASS   FARRAM         

        CLASS   CONFIG         
                config                           300000   300000        E         0

        CLASS   IDLOC          
                idloc                            200000   200000        8         0

        CLASS   EEDATA         



SEGMENTS        Name                           Load    Length   Top    Selector   Space  Class

                reset_vec                      000000  000006  000006         0       0  CODE    
                cstackCOMRAM                   000001  00005E  00005F         1       1  COMRAM  
                intcode                        000008  00000A  000012         4       0  CODE    
                dataBANK0                      000080  000072  0000F2        80       1  BANK0   
                dataBANK1                      000100  0000E4  0001E4       100       1  BANK1   
                smallconst                     000600  00001C  00061C       300       0  SMALLCON
                intcode_body                   00061C  000C52  00126E       30E       0  CODE    
                idloc                          200000  000008  200008    200000       0  IDLOC   
                config                         300000  00000E  30000E    300000       0  CONFIG  


UNUSED ADDRESS RANGES

        Name                Unused          Largest block    Delta
        BANK0            0000F2-0000FF                E
        BANK1            0001E4-0001FF               1C
        BANK2            000200-0002FF              100
        BANK3            000300-0003FF              100
        BANK4            000400-0004FF              100
        BANK5            000500-0005EE               EF
        BIGRAM           00005F-00007F               21
                         0000F2-0000FF                E
                         0001E4-0005EE              40B
        CODE             000006-000007                2
                         000012-0005FF              5EE
                         00126E-007CFF             6A92
        COMRAM           00005F-00007F               21
        CONST            000006-000007                2
                         000012-0005FF              5EE
                         00126E-007CFF             6A92
        EEDATA           F00000-F000FF              100
        MEDIUMCONST      00126E-007CFF             6A92
        RAM              0000F2-0000FF                E
                         0001E4-0005EE              100
        SFR              000F80-000F9B               1C
                         000F9D-000FD3               37
                         000FD5-000FDA                6
                         000FE0-000FE2                3
                         000FE8-000FEA                3
                         000FF0-000FFB                C
        SMALLCONST       00126E-007CFF              100
        STACK            0001E4-0005EE              40B

                                  Symbol Table

?___awtoft               cstackCOMRAM 000025
?___ftadd                cstackCOMRAM 00002C
?___ftdiv                cstackCOMRAM 000028
?___ftneg                cstackCOMRAM 000029
?___ftpack               cstackCOMRAM 00001D
?___fttol                cstackCOMRAM 000038
?___lwtoft               cstackCOMRAM 000025
?___wmul                 cstackCOMRAM 00001D
Cmd@Value                cstackCOMRAM 000021
Data@Value               cstackCOMRAM 000021
Delay_Ms@j               cstackCOMRAM 000020
Delay_Ms@s               cstackCOMRAM 00001D
Delay_Seconds@i          cstackCOMRAM 000020
Delay_Seconds@j          cstackCOMRAM 00001F
Delay_Seconds@s          cstackCOMRAM 00001E
Delay_us@us              cstackCOMRAM 00001D
Send2Lcd@Adr             cstackCOMRAM 000025
Send2Lcd@Lcd             cstackCOMRAM 000023
Sound_Play@duration      cstackCOMRAM 000049
Sound_Play@freq          cstackCOMRAM 000047
Sound_Play@period        cstackCOMRAM 00004B
_BAUDCONbits             (abs)        000FB8
_Cmd                     text13       001222
_Data                    text12       00120A
_Delay_Ms                text10       001118
_Delay_Seconds           text16       0010E4
_Delay_us                text14       0011B0
_Durations               dataBANK0    000080
_INTCONbits              (abs)        000FF2
_IPR1bits                (abs)        000F9F
_LATCbits                (abs)        000F8B
_Myusartinit             text15       0011F0
_Notes                   dataBANK1    000100
_OSCCONbits              (abs)        000FD3
_PIE1bits                (abs)        000F9D
_PIR1bits                (abs)        000F9E
_PORTD                   (abs)        000F83
_RC0                     (abs)        007C10
_RC1                     (abs)        007C11
_RCIF                    (abs)        007CF5
_RCONbits                (abs)        000FD0
_RCREG                   (abs)        000FAE
_RCSTAbits               (abs)        000FAB
_SPBRG                   (abs)        000FAF
_Send2Lcd                text11       001038
_Sound_Play              text2        000ADC
_T0CONbits               (abs)        000FD5
_T1CON                   (abs)        000FCD
_TIMER_H                 bssCOMRAM    000059
_TIMER_L                 bssCOMRAM    000058
_TMR0H                   (abs)        000FD7
_TMR0IE                  (abs)        007F95
_TMR0IF                  (abs)        007F92
_TMR0L                   (abs)        000FD6
_TMR1                    (abs)        000FCE
_TMR1IE                  (abs)        007CE8
_TMR1IF                  (abs)        007CF0
_TRISC                   (abs)        000F94
_TRISCbits               (abs)        000F94
_TRISD                   (abs)        000F95
_TXSTAbits               (abs)        000FAC
__CFG_BOREN$SBORDIS      (abs)        000000
__CFG_BORV$3             (abs)        000000
__CFG_CCP2MX$PORTC       (abs)        000000
__CFG_CP0$OFF            (abs)        000000
__CFG_CP1$OFF            (abs)        000000
__CFG_CP2$OFF            (abs)        000000
__CFG_CP3$OFF            (abs)        000000
__CFG_CPB$OFF            (abs)        000000
__CFG_CPD$OFF            (abs)        000000
__CFG_EBTR0$OFF          (abs)        000000
__CFG_EBTR1$OFF          (abs)        000000
__CFG_EBTR2$OFF          (abs)        000000
__CFG_EBTR3$OFF          (abs)        000000
__CFG_EBTRB$OFF          (abs)        000000
__CFG_FCMEN$OFF          (abs)        000000
__CFG_IESO$ON            (abs)        000000
__CFG_LPT1OSC$OFF        (abs)        000000
__CFG_LVP$OFF            (abs)        000000
__CFG_MCLRE$ON           (abs)        000000
__CFG_OSC$INTIO67        (abs)        000000
__CFG_PBADEN$ON          (abs)        000000
__CFG_PWRT$OFF           (abs)        000000
__CFG_STVREN$ON          (abs)        000000
__CFG_WDT$OFF            (abs)        000000
__CFG_WDTPS$1            (abs)        000000
__CFG_WRT0$OFF           (abs)        000000
__CFG_WRT1$OFF           (abs)        000000
__CFG_WRT2$OFF           (abs)        000000
__CFG_WRT3$OFF           (abs)        000000
__CFG_WRTB$OFF           (abs)        000000
__CFG_WRTC$OFF           (abs)        000000
__CFG_WRTD$OFF           (abs)        000000
__CFG_XINST$OFF          (abs)        000000
__HRAM                   (abs)        000000
__Habs1                  abs1         000000
__Hbank0                 bank0        000000
__Hbank1                 bank1        000000
__Hbank2                 bank2        000000
__Hbank3                 bank3        000000
__Hbank4                 bank4        000000
__Hbank5                 bank5        000000
__Hbigbss                bigbss       000000
__Hbigdata               bigdata      000000
__Hbigram                bigram       000000
__Hbss                   bss          000000
__HbssCOMRAM             bssCOMRAM    000000
__Hcinit                 cinit        000000
__Hclrtext               clrtext      000000
__Hcomram                comram       000000
__Hconfig                config       30000E
__Hconst                 const        000000
__HcstackCOMRAM          cstackCOMRAM 000000
__Hdata                  data         000000
__HdataBANK0             dataBANK0    000000
__HdataBANK1             dataBANK1    000000
__HdataCOMRAM            dataCOMRAM   000000
__Heeprom_data           eeprom_data  000000
__Hfarbss                farbss       000000
__Hfardata               fardata      000000
__Hibigdata              ibigdata     000000
__Hidata                 idata        000000
__HidataBANK0            idataBANK0   000000
__HidataBANK1            idataBANK1   000000
__HidataCOMRAM           idataCOMRAM  000000
__Hidloc                 idloc        200008
__Hifardata              ifardata     000000
__Hinit                  init         000012
__Hintcode               intcode      00000E
__Hintcode_body          intcode_body 000000
__Hintcodelo             intcodelo    00000E
__Hintentry              intentry     000000
__Hintret                intret       000000
__Hintsave_regs          intsave_regs 000000
__Hirdata                irdata       000000
__Hmediumconst           mediumconst  000000
__HnvFARRAM              nvFARRAM     000000
__Hnvbit                 nvbit        000000
__Hnvrram                nvrram       000000
__Hparam                 rparam       000000
__Hpowerup               powerup      00000E
__Hram                   ram          000000
__Hramtop                ramtop       000600
__Hrbit                  rbit         000000
__Hrbss                  rbss         000000
__Hrdata                 rdata        000000
__Hreset_vec             reset_vec    000006
__Hrparam                rparam       000000
__Hsfr                   sfr          000000
__Hsmallconst            smallconst   00061C
__Hspace_0               (abs)        30000E
__Hspace_1               (abs)        0001E4
__Hspace_2               (abs)        000000
__Hstack                 stack        000000
__Hstruct                struct       000000
__Htemp                  temp         00005F
__Htext                  text         000000
__Htext0                 text0        000000
__Htext1                 text1        000000
__Htext10                text10       000000
__Htext11                text11       000000
__Htext12                text12       000000
__Htext13                text13       000000
__Htext14                text14       000000
__Htext15                text15       000000
__Htext16                text16       000000
__Htext18                text18       000000
__Htext19                text19       000000
__Htext2                 text2        000000
__Htext20                text20       000000
__Htext21                text21       000000
__Htext3                 text3        000000
__Htext4                 text4        000000
__Htext5                 text5        000000
__Htext6                 text6        000000
__Htext7                 text7        000000
__Htext8                 text8        000000
__Htext9                 text9        000000
__LRAM                   (abs)        000001
__Labs1                  abs1         000000
__Lbank0                 bank0        000000
__Lbank1                 bank1        000000
__Lbank2                 bank2        000000
__Lbank3                 bank3        000000
__Lbank4                 bank4        000000
__Lbank5                 bank5        000000
__Lbigbss                bigbss       000000
__Lbigdata               bigdata      000000
__Lbigram                bigram       000000
__Lbss                   bss          000000
__LbssCOMRAM             bssCOMRAM    000000
__Lcinit                 cinit        000000
__Lclrtext               clrtext      000000
__Lcomram                comram       000000
__Lconfig                config       300000
__Lconst                 const        000000
__LcstackCOMRAM          cstackCOMRAM 000000
__Ldata                  data         000000
__LdataBANK0             dataBANK0    000000
__LdataBANK1             dataBANK1    000000
__LdataCOMRAM            dataCOMRAM   000000
__Leeprom_data           eeprom_data  000000
__Lfarbss                farbss       000000
__Lfardata               fardata      000000
__Libigdata              ibigdata     000000
__Lidata                 idata        000000
__LidataBANK0            idataBANK0   000000
__LidataBANK1            idataBANK1   000000
__LidataCOMRAM           idataCOMRAM  000000
__Lidloc                 idloc        200000
__Lifardata              ifardata     000000
__Linit                  init         00000E
__Lintcode               intcode      000008
__Lintcode_body          intcode_body 000000
__Lintcodelo             intcodelo    00000E
__Lintentry              intentry     000000
__Lintret                intret       000000
__Lintsave_regs          intsave_regs 000000
__Lirdata                irdata       000000
__Lmediumconst           mediumconst  000000
__LnvFARRAM              nvFARRAM     000000
__Lnvbit                 nvbit        000000
__Lnvrram                nvrram       000000
__Lparam                 rparam       000000
__Lpowerup               powerup      00000E
__Lram                   ram          000000
__Lramtop                ramtop       000600
__Lrbit                  rbit         000000
__Lrbss                  rbss         000000
__Lrdata                 rdata        000000
__Lreset_vec             reset_vec    000000
__Lrparam                rparam       000000
__Lsfr                   sfr          000000
__Lsmallconst            smallconst   000600
__Lspace_0               (abs)        000000
__Lspace_1               (abs)        000000
__Lspace_2               (abs)        000000
__Lstack                 stack        000000
__Lstruct                struct       000000
__Ltemp                  temp         00005E
__Ltext                  text         000000
__Ltext0                 text0        000000
__Ltext1                 text1        000000
__Ltext10                text10       000000
__Ltext11                text11       000000
__Ltext12                text12       000000
__Ltext13                text13       000000
__Ltext14                text14       000000
__Ltext15                text15       000000
__Ltext16                text16       000000
__Ltext18                text18       000000
__Ltext19                text19       000000
__Ltext2                 text2        000000
__Ltext20                text20       000000
__Ltext21                text21       000000
__Ltext3                 text3        000000
__Ltext4                 text4        000000
__Ltext5                 text5        000000
__Ltext6                 text6        000000
__Ltext7                 text7        000000
__Ltext8                 text8        000000
__Ltext9                 text9        000000
__S0                     (abs)        30000E
__S1                     (abs)        0001E4
__S2                     (abs)        000000
___awtoft                text8        0010AC
___awtoft@c              cstackCOMRAM 000025
___awtoft@sign           cstackCOMRAM 000028
___ftadd                 text7        0007CE
___ftadd@exp1            cstackCOMRAM 000037
___ftadd@exp2            cstackCOMRAM 000036
___ftadd@f1              cstackCOMRAM 00002C
___ftadd@f2              cstackCOMRAM 00002F
___ftadd@sign            cstackCOMRAM 000035
___ftdiv                 text6        000CD0
___ftdiv@cntr            cstackCOMRAM 000031
___ftdiv@exp             cstackCOMRAM 000035
___ftdiv@f1              cstackCOMRAM 000028
___ftdiv@f2              cstackCOMRAM 00002B
___ftdiv@f3              cstackCOMRAM 000032
___ftdiv@sign            cstackCOMRAM 000036
___ftneg                 text5        00118C
___ftneg@f1              cstackCOMRAM 000029
___ftpack                text9        000E9A
___ftpack@arg            cstackCOMRAM 00001D
___ftpack@exp            cstackCOMRAM 000020
___ftpack@sign           cstackCOMRAM 000021
___fttol                 text4        000BDC
___fttol@exp1            cstackCOMRAM 000046
___fttol@f1              cstackCOMRAM 000038
___fttol@lval            cstackCOMRAM 000042
___fttol@sign1           cstackCOMRAM 000041
___inthi_sp              stack        000000
___intlo_sp              stack        000000
___lwtoft                text3        001168
___lwtoft@c              cstackCOMRAM 000025
___param_bank            (abs)        000000
___rparam_used           (abs)        000001
___sp                    stack        000000
___wmul                  text1        001142
___wmul@multiplicand     cstackCOMRAM 00001F
___wmul@multiplier       cstackCOMRAM 00001D
___wmul@product          cstackCOMRAM 000021
__accesstop              (abs)        000080
__activetblptr           (abs)        000001
__end_of_Cmd             text13       00123A
__end_of_Data            text12       001222
__end_of_Delay_Ms        text10       001142
__end_of_Delay_Seconds   text16       001118
__end_of_Delay_us        text14       0011D0
__end_of_Myusartinit     text15       00120A
__end_of_Send2Lcd        text11       001072
__end_of_Sound_Play      text2        000BDC
__end_of___awtoft        text8        0010E4
__end_of___ftadd         text7        00097A
__end_of___ftdiv         text6        000DB6
__end_of___ftneg         text5        0011B0
__end_of___ftpack        text9        000F48
__end_of___fttol         text4        000CD0
__end_of___lwtoft        text3        00118C
__end_of___wmul          text1        001168
__end_of__initialization cinit        000FB4
__end_of_main            text0        000ADC
__end_of_tc_int          intcode_body 0007CE
__end_ofi2_Cmd           text20       00126A
__end_ofi2_Data          text19       001252
__end_ofi2_Delay_us      text21       0011F0
__end_ofi2_Send2Lcd      text18       0010AC
__initialization         cinit        000F48
__mediumconst            mediumconst  000000
__pbssCOMRAM             bssCOMRAM    000050
__pcinit                 cinit        000F48
__pcstackCOMRAM          cstackCOMRAM 000001
__pdataBANK0             dataBANK0    000080
__pdataBANK1             dataBANK1    000100
__pdataCOMRAM            dataCOMRAM   00005A
__pidataBANK0            idataBANK0   000FC6
__pidataBANK1            idataBANK1   000DB6
__pidataCOMRAM           idataCOMRAM  00126A
__pintcode               intcode      000008
__pintcode_body          intcode_body 00061C
__psmallconst            smallconst   000600
__ptext0                 text0        00097A
__ptext1                 text1        001142
__ptext10                text10       001118
__ptext11                text11       001038
__ptext12                text12       00120A
__ptext13                text13       001222
__ptext14                text14       0011B0
__ptext15                text15       0011F0
__ptext16                text16       0010E4
__ptext18                text18       001072
__ptext19                text19       00123A
__ptext2                 text2        000ADC
__ptext20                text20       001252
__ptext21                text21       0011D0
__ptext3                 text3        001168
__ptext4                 text4        000BDC
__ptext5                 text5        00118C
__ptext6                 text6        000CD0
__ptext7                 text7        0007CE
__ptext8                 text8        0010AC
__ptext9                 text9        000E9A
__ramtop                 ramtop       000600
__size_of_Cmd            (abs)        000000
__size_of_Data           (abs)        000000
__size_of_Delay_Ms       (abs)        000000
__size_of_Delay_Seconds  (abs)        000000
__size_of_Delay_us       (abs)        000000
__size_of_Myusartinit    (abs)        000000
__size_of_Send2Lcd       (abs)        000000
__size_of_Sound_Play     (abs)        000000
__size_of___awtoft       (abs)        000000
__size_of___ftadd        (abs)        000000
__size_of___ftdiv        (abs)        000000
__size_of___ftneg        (abs)        000000
__size_of___ftpack       (abs)        000000
__size_of___fttol        (abs)        000000
__size_of___lwtoft       (abs)        000000
__size_of___wmul         (abs)        000000
__size_of_main           (abs)        000000
__size_of_tc_int         (abs)        000000
__size_ofi2_Cmd          (abs)        000000
__size_ofi2_Data         (abs)        000000
__size_ofi2_Delay_us     (abs)        000000
__size_ofi2_Send2Lcd     (abs)        000000
__smallconst             smallconst   000600
_address1                dataCOMRAM   00005C
_address2                dataCOMRAM   00005A
_count                   bssCOMRAM    000056
_countout                bssCOMRAM    000050
_main                    text0        00097A
_mode                    bssCOMRAM    000052
_receive                 bssCOMRAM    000054
_tc_int                  intcode      000008
btemp                    temp         00005E
end_of_initialization    cinit        000FB4
i2Cmd@Value              cstackCOMRAM 000005
i2Data@Value             cstackCOMRAM 000005
i2Delay_us@us            cstackCOMRAM 000001
i2Send2Lcd@Adr           cstackCOMRAM 000009
i2Send2Lcd@Lcd           cstackCOMRAM 000007
i2_Cmd                   text20       001252
i2_Data                  text19       00123A
i2_Delay_us              text21       0011D0
i2_Send2Lcd              text18       001072
int$flags                temp         00005E
int_func                 intcode_body 00061C
intlevel0                text         000000
intlevel1                text         000000
intlevel2                text         000000
intlevel3                text         000000
main@i                   cstackCOMRAM 00004F
stackhi                  (abs)        0005EE
stacklo                  (abs)        0001E4
start                    init         00000E
start_initialization     cinit        000F48
wtemp6                   temp         00005F


FUNCTION INFORMATION:

 *************** function _main *****************
 Defined at:
		line 137 in file "newmain.c"
 Parameters:    Size  Location     Type
		None
 Auto vars:     Size  Location     Type
  i               1   78[COMRAM] unsigned char 
 Return value:  Size  Location     Type
                  1    wreg      void 
 Registers used:
		wreg, fsr2l, fsr2h, status,2, status,0, tblptrl, tblptrh, tblptru, prodl, prodh, cstack
 Tracked objects:
		On entry : 
		On exit  : 
		Unchanged: 
 Data sizes:     COMRAM   BANK0   BANK1   BANK2   BANK3   BANK4   BANK5
      Params:         0       0       0       0       0       0       0
      Locals:         1       0       0       0       0       0       0
      Temps:          1       0       0       0       0       0       0
      Totals:         2       0       0       0       0       0       0
Total ram usage:        2 bytes
 Hardware stack levels required when called:    7
 This function calls:
		_Cmd
		_Delay_Ms
		_Delay_Seconds
		_Delay_us
		_Myusartinit
		_Send2Lcd
		_Sound_Play
		___wmul
 This function is called by:
		Startup code after reset
 This function uses a non-reentrant model


 *************** function ___wmul *****************
 Defined at:
		line 15 in file "C:\Program Files (x86)\Microchip\xc8\v1.44\sources\common\Umul16.c"
 Parameters:    Size  Location     Type
  multiplier      2   28[COMRAM] unsigned int 
  multiplicand    2   30[COMRAM] unsigned int 
 Auto vars:     Size  Location     Type
  product         2   32[COMRAM] unsigned int 
 Return value:  Size  Location     Type
                  2   28[COMRAM] unsigned int 
 Registers used:
		wreg, status,2, status,0, prodl, prodh
 Tracked objects:
		On entry : 
		On exit  : 
		Unchanged: 
 Data sizes:     COMRAM   BANK0   BANK1   BANK2   BANK3   BANK4   BANK5
      Params:         4       0       0       0       0       0       0
      Locals:         2       0       0       0       0       0       0
      Temps:          0       0       0       0       0       0       0
      Totals:         6       0       0       0       0       0       0
Total ram usage:        6 bytes
 Hardware stack levels used:    1
 Hardware stack levels required when called:    4
 This function calls:
		Nothing
 This function is called by:
		_main
 This function uses a non-reentrant model


 *************** function _Sound_Play *****************
 Defined at:
		line 94 in file "newmain.c"
 Parameters:    Size  Location     Type
  freq            2   70[COMRAM] unsigned int 
  duration        2   72[COMRAM] unsigned int 
 Auto vars:     Size  Location     Type
  period          3   74[COMRAM] float 
 Return value:  Size  Location     Type
                  1    wreg      void 
 Registers used:
		wreg, status,2, status,0, cstack
 Tracked objects:
		On entry : 
		On exit  : 
		Unchanged: 
 Data sizes:     COMRAM   BANK0   BANK1   BANK2   BANK3   BANK4   BANK5
      Params:         4       0       0       0       0       0       0
      Locals:         3       0       0       0       0       0       0
      Temps:          0       0       0       0       0       0       0
      Totals:         7       0       0       0       0       0       0
Total ram usage:        7 bytes
 Hardware stack levels used:    1
 Hardware stack levels required when called:    6
 This function calls:
		_Delay_Ms
		___awtoft
		___ftadd
		___ftdiv
		___ftneg
		___fttol
		___lwtoft
 This function is called by:
		_main
 This function uses a non-reentrant model


 *************** function ___lwtoft *****************
 Defined at:
		line 28 in file "C:\Program Files (x86)\Microchip\xc8\v1.44\sources\common\lwtoft.c"
 Parameters:    Size  Location     Type
  c               2   36[COMRAM] unsigned int 
 Auto vars:     Size  Location     Type
		None
 Return value:  Size  Location     Type
                  3   36[COMRAM] float 
 Registers used:
		wreg, status,2, status,0, cstack
 Tracked objects:
		On entry : 
		On exit  : 
		Unchanged: 
 Data sizes:     COMRAM   BANK0   BANK1   BANK2   BANK3   BANK4   BANK5
      Params:         3       0       0       0       0       0       0
      Locals:         0       0       0       0       0       0       0
      Temps:          0       0       0       0       0       0       0
      Totals:         3       0       0       0       0       0       0
Total ram usage:        3 bytes
 Hardware stack levels used:    1
 Hardware stack levels required when called:    5
 This function calls:
		___ftpack
 This function is called by:
		_Sound_Play
 This function uses a non-reentrant model


 *************** function ___fttol *****************
 Defined at:
		line 44 in file "C:\Program Files (x86)\Microchip\xc8\v1.44\sources\common\fttol.c"
 Parameters:    Size  Location     Type
  f1              3   55[COMRAM] float 
 Auto vars:     Size  Location     Type
  lval            4   65[COMRAM] unsigned long 
  exp1            1   69[COMRAM] unsigned char 
  sign1           1   64[COMRAM] unsigned char 
 Return value:  Size  Location     Type
                  4   55[COMRAM] long 
 Registers used:
		wreg, status,2, status,0
 Tracked objects:
		On entry : 
		On exit  : 
		Unchanged: 
 Data sizes:     COMRAM   BANK0   BANK1   BANK2   BANK3   BANK4   BANK5
      Params:         4       0       0       0       0       0       0
      Locals:         6       0       0       0       0       0       0
      Temps:          5       0       0       0       0       0       0
      Totals:        15       0       0       0       0       0       0
Total ram usage:       15 bytes
 Hardware stack levels used:    1
 Hardware stack levels required when called:    4
 This function calls:
		Nothing
 This function is called by:
		_Sound_Play
 This function uses a non-reentrant model


 *************** function ___ftneg *****************
 Defined at:
		line 15 in file "C:\Program Files (x86)\Microchip\xc8\v1.44\sources\common\ftneg.c"
 Parameters:    Size  Location     Type
  f1              3   40[COMRAM] float 
 Auto vars:     Size  Location     Type
		None
 Return value:  Size  Location     Type
                  3   40[COMRAM] float 
 Registers used:
		wreg, status,2, status,0
 Tracked objects:
		On entry : 
		On exit  : 
		Unchanged: 
 Data sizes:     COMRAM   BANK0   BANK1   BANK2   BANK3   BANK4   BANK5
      Params:         3       0       0       0       0       0       0
      Locals:         0       0       0       0       0       0       0
      Temps:          0       0       0       0       0       0       0
      Totals:         3       0       0       0       0       0       0
Total ram usage:        3 bytes
 Hardware stack levels used:    1
 Hardware stack levels required when called:    4
 This function calls:
		Nothing
 This function is called by:
		_Sound_Play
 This function uses a non-reentrant model


 *************** function ___ftdiv *****************
 Defined at:
		line 54 in file "C:\Program Files (x86)\Microchip\xc8\v1.44\sources\common\ftdiv.c"
 Parameters:    Size  Location     Type
  f1              3   39[COMRAM] float 
  f2              3   42[COMRAM] float 
 Auto vars:     Size  Location     Type
  f3              3   49[COMRAM] float 
  sign            1   53[COMRAM] unsigned char 
  exp             1   52[COMRAM] unsigned char 
  cntr            1   48[COMRAM] unsigned char 
 Return value:  Size  Location     Type
                  3   39[COMRAM] float 
 Registers used:
		wreg, status,2, status,0, cstack
 Tracked objects:
		On entry : 
		On exit  : 
		Unchanged: 
 Data sizes:     COMRAM   BANK0   BANK1   BANK2   BANK3   BANK4   BANK5
      Params:         6       0       0       0       0       0       0
      Locals:         6       0       0       0       0       0       0
      Temps:          3       0       0       0       0       0       0
      Totals:        15       0       0       0       0       0       0
Total ram usage:       15 bytes
 Hardware stack levels used:    1
 Hardware stack levels required when called:    5
 This function calls:
		___ftpack
 This function is called by:
		_Sound_Play
 This function uses a non-reentrant model


 *************** function ___ftadd *****************
 Defined at:
		line 86 in file "C:\Program Files (x86)\Microchip\xc8\v1.44\sources\common\ftadd.c"
 Parameters:    Size  Location     Type
  f1              3   43[COMRAM] float 
  f2              3   46[COMRAM] float 
 Auto vars:     Size  Location     Type
  exp1            1   54[COMRAM] unsigned char 
  exp2            1   53[COMRAM] unsigned char 
  sign            1   52[COMRAM] unsigned char 
 Return value:  Size  Location     Type
                  3   43[COMRAM] float 
 Registers used:
		wreg, status,2, status,0, cstack
 Tracked objects:
		On entry : 
		On exit  : 
		Unchanged: 
 Data sizes:     COMRAM   BANK0   BANK1   BANK2   BANK3   BANK4   BANK5
      Params:         6       0       0       0       0       0       0
      Locals:         3       0       0       0       0       0       0
      Temps:          3       0       0       0       0       0       0
      Totals:        12       0       0       0       0       0       0
Total ram usage:       12 bytes
 Hardware stack levels used:    1
 Hardware stack levels required when called:    5
 This function calls:
		___ftpack
 This function is called by:
		_Sound_Play
 This function uses a non-reentrant model


 *************** function ___awtoft *****************
 Defined at:
		line 32 in file "C:\Program Files (x86)\Microchip\xc8\v1.44\sources\common\awtoft.c"
 Parameters:    Size  Location     Type
  c               2   36[COMRAM] int 
 Auto vars:     Size  Location     Type
  sign            1   39[COMRAM] unsigned char 
 Return value:  Size  Location     Type
                  3   36[COMRAM] float 
 Registers used:
		wreg, status,2, status,0, cstack
 Tracked objects:
		On entry : 
		On exit  : 
		Unchanged: 
 Data sizes:     COMRAM   BANK0   BANK1   BANK2   BANK3   BANK4   BANK5
      Params:         3       0       0       0       0       0       0
      Locals:         1       0       0       0       0       0       0
      Temps:          0       0       0       0       0       0       0
      Totals:         4       0       0       0       0       0       0
Total ram usage:        4 bytes
 Hardware stack levels used:    1
 Hardware stack levels required when called:    5
 This function calls:
		___ftpack
 This function is called by:
		_Sound_Play
 This function uses a non-reentrant model


 *************** function ___ftpack *****************
 Defined at:
		line 62 in file "C:\Program Files (x86)\Microchip\xc8\v1.44\sources\common\float.c"
 Parameters:    Size  Location     Type
  arg             3   28[COMRAM] unsigned um
  exp             1   31[COMRAM] unsigned char 
  sign            1   32[COMRAM] unsigned char 
 Auto vars:     Size  Location     Type
		None
 Return value:  Size  Location     Type
                  3   28[COMRAM] float 
 Registers used:
		wreg, status,2, status,0
 Tracked objects:
		On entry : 
		On exit  : 
		Unchanged: 
 Data sizes:     COMRAM   BANK0   BANK1   BANK2   BANK3   BANK4   BANK5
      Params:         5       0       0       0       0       0       0
      Locals:         0       0       0       0       0       0       0
      Temps:          3       0       0       0       0       0       0
      Totals:         8       0       0       0       0       0       0
Total ram usage:        8 bytes
 Hardware stack levels used:    1
 Hardware stack levels required when called:    4
 This function calls:
		Nothing
 This function is called by:
		___awtoft
		___ftadd
		___ftdiv
		___lwtoft
 This function uses a non-reentrant model


 *************** function _Delay_Ms *****************
 Defined at:
		line 85 in file "newmain.c"
 Parameters:    Size  Location     Type
  s               2   28[COMRAM] unsigned int 
 Auto vars:     Size  Location     Type
  j               2   31[COMRAM] unsigned int 
 Return value:  Size  Location     Type
                  1    wreg      void 
 Registers used:
		wreg, status,2, status,0
 Tracked objects:
		On entry : 
		On exit  : 
		Unchanged: 
 Data sizes:     COMRAM   BANK0   BANK1   BANK2   BANK3   BANK4   BANK5
      Params:         2       0       0       0       0       0       0
      Locals:         2       0       0       0       0       0       0
      Temps:          1       0       0       0       0       0       0
      Totals:         5       0       0       0       0       0       0
Total ram usage:        5 bytes
 Hardware stack levels used:    1
 Hardware stack levels required when called:    4
 This function calls:
		Nothing
 This function is called by:
		_Sound_Play
		_main
 This function uses a non-reentrant model


 *************** function _Send2Lcd *****************
 Defined at:
		line 288 in file "newmain.c"
 Parameters:    Size  Location     Type
  Adr             1    wreg     const unsigned char 
  Lcd             2   34[COMRAM] PTR const unsigned char 
		 -> STR_4(6), STR_3(6), STR_2(14), STR_1(6), 
 Auto vars:     Size  Location     Type
  Adr             1   36[COMRAM] const unsigned char 
 Return value:  Size  Location     Type
                  1    wreg      void 
 Registers used:
		wreg, status,2, status,0, tblptrl, tblptrh, tblptru, cstack
 Tracked objects:
		On entry : 
		On exit  : 
		Unchanged: 
 Data sizes:     COMRAM   BANK0   BANK1   BANK2   BANK3   BANK4   BANK5
      Params:         2       0       0       0       0       0       0
      Locals:         1       0       0       0       0       0       0
      Temps:          0       0       0       0       0       0       0
      Totals:         3       0       0       0       0       0       0
Total ram usage:        3 bytes
 Hardware stack levels used:    1
 Hardware stack levels required when called:    6
 This function calls:
		_Cmd
		_Data
 This function is called by:
		_main
 This function uses a non-reentrant model


 *************** function _Data *****************
 Defined at:
		line 271 in file "newmain.c"
 Parameters:    Size  Location     Type
  Value           2   32[COMRAM] int 
 Auto vars:     Size  Location     Type
		None
 Return value:  Size  Location     Type
                  1    wreg      void 
 Registers used:
		wreg, status,2, status,0, cstack
 Tracked objects:
		On entry : 
		On exit  : 
		Unchanged: 
 Data sizes:     COMRAM   BANK0   BANK1   BANK2   BANK3   BANK4   BANK5
      Params:         2       0       0       0       0       0       0
      Locals:         0       0       0       0       0       0       0
      Temps:          0       0       0       0       0       0       0
      Totals:         2       0       0       0       0       0       0
Total ram usage:        2 bytes
 Hardware stack levels used:    1
 Hardware stack levels required when called:    5
 This function calls:
		_Delay_us
 This function is called by:
		_Send2Lcd
 This function uses a non-reentrant model


 *************** function _Cmd *****************
 Defined at:
		line 255 in file "newmain.c"
 Parameters:    Size  Location     Type
  Value           2   32[COMRAM] int 
 Auto vars:     Size  Location     Type
		None
 Return value:  Size  Location     Type
                  1    wreg      void 
 Registers used:
		wreg, status,2, status,0, cstack
 Tracked objects:
		On entry : 
		On exit  : 
		Unchanged: 
 Data sizes:     COMRAM   BANK0   BANK1   BANK2   BANK3   BANK4   BANK5
      Params:         2       0       0       0       0       0       0
      Locals:         0       0       0       0       0       0       0
      Temps:          0       0       0       0       0       0       0
      Totals:         2       0       0       0       0       0       0
Total ram usage:        2 bytes
 Hardware stack levels used:    1
 Hardware stack levels required when called:    5
 This function calls:
		_Delay_us
 This function is called by:
		_main
		_Send2Lcd
 This function uses a non-reentrant model


 *************** function _Delay_us *****************
 Defined at:
		line 305 in file "newmain.c"
 Parameters:    Size  Location     Type
  us              2   28[COMRAM] int 
 Auto vars:     Size  Location     Type
		None
 Return value:  Size  Location     Type
                  1    wreg      void 
 Registers used:
		wreg, status,2, status,0
 Tracked objects:
		On entry : 
		On exit  : 
		Unchanged: 
 Data sizes:     COMRAM   BANK0   BANK1   BANK2   BANK3   BANK4   BANK5
      Params:         2       0       0       0       0       0       0
      Locals:         0       0       0       0       0       0       0
      Temps:          2       0       0       0       0       0       0
      Totals:         4       0       0       0       0       0       0
Total ram usage:        4 bytes
 Hardware stack levels used:    1
 Hardware stack levels required when called:    4
 This function calls:
		Nothing
 This function is called by:
		_main
		_Cmd
		_Data
 This function uses a non-reentrant model


 *************** function _Myusartinit *****************
 Defined at:
		line 314 in file "newmain.c"
 Parameters:    Size  Location     Type
		None
 Auto vars:     Size  Location     Type
		None
 Return value:  Size  Location     Type
                  1    wreg      void 
 Registers used:
		wreg, status,2
 Tracked objects:
		On entry : 
		On exit  : 
		Unchanged: 
 Data sizes:     COMRAM   BANK0   BANK1   BANK2   BANK3   BANK4   BANK5
      Params:         0       0       0       0       0       0       0
      Locals:         0       0       0       0       0       0       0
      Temps:          0       0       0       0       0       0       0
      Totals:         0       0       0       0       0       0       0
Total ram usage:        0 bytes
 Hardware stack levels used:    1
 Hardware stack levels required when called:    4
 This function calls:
		Nothing
 This function is called by:
		_main
 This function uses a non-reentrant model


 *************** function _Delay_Seconds *****************
 Defined at:
		line 111 in file "newmain.c"
 Parameters:    Size  Location     Type
  s               1    wreg     unsigned char 
 Auto vars:     Size  Location     Type
  s               1   29[COMRAM] unsigned char 
  i               1   31[COMRAM] unsigned char 
  j               1   30[COMRAM] unsigned char 
 Return value:  Size  Location     Type
                  1    wreg      void 
 Registers used:
		wreg, status,2, status,0
 Tracked objects:
		On entry : 
		On exit  : 
		Unchanged: 
 Data sizes:     COMRAM   BANK0   BANK1   BANK2   BANK3   BANK4   BANK5
      Params:         0       0       0       0       0       0       0
      Locals:         3       0       0       0       0       0       0
      Temps:          1       0       0       0       0       0       0
      Totals:         4       0       0       0       0       0       0
Total ram usage:        4 bytes
 Hardware stack levels used:    1
 Hardware stack levels required when called:    4
 This function calls:
		Nothing
 This function is called by:
		_main
 This function uses a non-reentrant model


 *************** function _tc_int *****************
 Defined at:
		line 211 in file "newmain.c"
 Parameters:    Size  Location     Type
		None
 Auto vars:     Size  Location     Type
		None
 Return value:  Size  Location     Type
                  1    wreg      void 
 Registers used:
		wreg, status,2, status,0, tblptrl, tblptrh, tblptru, cstack
 Tracked objects:
		On entry : 
		On exit  : 
		Unchanged: 
 Data sizes:     COMRAM   BANK0   BANK1   BANK2   BANK3   BANK4   BANK5
      Params:         0       0       0       0       0       0       0
      Locals:         0       0       0       0       0       0       0
      Temps:         19       0       0       0       0       0       0
      Totals:        19       0       0       0       0       0       0
Total ram usage:       19 bytes
 Hardware stack levels used:    1
 Hardware stack levels required when called:    3
 This function calls:
		i2_Cmd
		i2_Delay_us
		i2_Send2Lcd
 This function is called by:
		Interrupt level 2
 This function uses a non-reentrant model


 *************** function i2_Send2Lcd *****************
 Defined at:
		line 288 in file "newmain.c"
 Parameters:    Size  Location     Type
  Adr             1    wreg     const unsigned char 
  Lcd             2    6[COMRAM] PTR const unsigned char 
		 -> STR_4(6), STR_3(6), STR_2(14), STR_1(6), 
 Auto vars:     Size  Location     Type
  Adr             1    8[COMRAM] const unsigned char 
 Return value:  Size  Location     Type
                  1    wreg      void 
 Registers used:
		wreg, status,2, status,0, tblptrl, tblptrh, tblptru, cstack
 Tracked objects:
		On entry : 
		On exit  : 
		Unchanged: 
 Data sizes:     COMRAM   BANK0   BANK1   BANK2   BANK3   BANK4   BANK5
      Params:         2       0       0       0       0       0       0
      Locals:         1       0       0       0       0       0       0
      Temps:          0       0       0       0       0       0       0
      Totals:         3       0       0       0       0       0       0
Total ram usage:        3 bytes
 Hardware stack levels used:    1
 Hardware stack levels required when called:    2
 This function calls:
		i2_Cmd
		i2_Data
 This function is called by:
		_tc_int
 This function uses a non-reentrant model


 *************** function i2_Data *****************
 Defined at:
		line 271 in file "newmain.c"
 Parameters:    Size  Location     Type
  Value           2    4[COMRAM] int 
 Auto vars:     Size  Location     Type
		None
 Return value:  Size  Location     Type
                  1    wreg      void 
 Registers used:
		wreg, status,2, status,0, cstack
 Tracked objects:
		On entry : 
		On exit  : 
		Unchanged: 
 Data sizes:     COMRAM   BANK0   BANK1   BANK2   BANK3   BANK4   BANK5
      Params:         2       0       0       0       0       0       0
      Locals:         0       0       0       0       0       0       0
      Temps:          0       0       0       0       0       0       0
      Totals:         2       0       0       0       0       0       0
Total ram usage:        2 bytes
 Hardware stack levels used:    1
 Hardware stack levels required when called:    1
 This function calls:
		i2_Delay_us
 This function is called by:
		i2_Send2Lcd
 This function uses a non-reentrant model


 *************** function i2_Cmd *****************
 Defined at:
		line 255 in file "newmain.c"
 Parameters:    Size  Location     Type
  Value           2    4[COMRAM] int 
 Auto vars:     Size  Location     Type
		None
 Return value:  Size  Location     Type
                  1    wreg      void 
 Registers used:
		wreg, status,2, status,0, cstack
 Tracked objects:
		On entry : 
		On exit  : 
		Unchanged: 
 Data sizes:     COMRAM   BANK0   BANK1   BANK2   BANK3   BANK4   BANK5
      Params:         2       0       0       0       0       0       0
      Locals:         0       0       0       0       0       0       0
      Temps:          0       0       0       0       0       0       0
      Totals:         2       0       0       0       0       0       0
Total ram usage:        2 bytes
 Hardware stack levels used:    1
 Hardware stack levels required when called:    1
 This function calls:
		i2_Delay_us
 This function is called by:
		_tc_int
		i2_Send2Lcd
 This function uses a non-reentrant model


 *************** function i2_Delay_us *****************
 Defined at:
		line 305 in file "newmain.c"
 Parameters:    Size  Location     Type
  us              2    0[COMRAM] int 
 Auto vars:     Size  Location     Type
		None
 Return value:  Size  Location     Type
                  1    wreg      void 
 Registers used:
		wreg, status,2, status,0
 Tracked objects:
		On entry : 
		On exit  : 
		Unchanged: 
 Data sizes:     COMRAM   BANK0   BANK1   BANK2   BANK3   BANK4   BANK5
      Params:         2       0       0       0       0       0       0
      Locals:         0       0       0       0       0       0       0
      Temps:          2       0       0       0       0       0       0
      Totals:         4       0       0       0       0       0       0
Total ram usage:        4 bytes
 Hardware stack levels used:    1
 This function calls:
		Nothing
 This function is called by:
		_tc_int
		i2_Cmd
		i2_Data
 This function uses a non-reentrant model



MODULE INFORMATION

Module		Function		Class		Link	Load	Size
C:\Program Files (x86)\Microchip\xc8\v1.44\sources\common\awtoft.c
		___awtoft      		CODE           	10AC	0000	57

C:\Program Files (x86)\Microchip\xc8\v1.44\sources\common\awtoft.c estimated size: 57

C:\Program Files (x86)\Microchip\xc8\v1.44\sources\common\lwtoft.c
		___lwtoft      		CODE           	1168	0000	37

C:\Program Files (x86)\Microchip\xc8\v1.44\sources\common\lwtoft.c estimated size: 37

C:\Program Files (x86)\Microchip\xc8\v1.44\sources\common\ftdiv.c
		___ftdiv       		CODE           	0CD0	0000	231

C:\Program Files (x86)\Microchip\xc8\v1.44\sources\common\ftdiv.c estimated size: 231

newmain.c
		_Myusartinit   		CODE           	11F0	0000	27
		_Data          		CODE           	120A	0000	25
		_main          		CODE           	097A	0000	355
		_Send2Lcd      		CODE           	1038	0000	59
		_tc_int        		CODE           	0008	0000	441
		_Delay_Ms      		CODE           	1118	0000	43
		_Cmd           		CODE           	1222	0000	25
		_Delay_Seconds 		CODE           	10E4	0000	53
		_Sound_Play    		CODE           	0ADC	0000	257
		_Delay_us      		CODE           	11B0	0000	33

newmain.c estimated size: 1318

C:\Program Files (x86)\Microchip\xc8\v1.44\sources\common\Umul16.c
		___wmul        		CODE           	1142	0000	39

C:\Program Files (x86)\Microchip\xc8\v1.44\sources\common\Umul16.c estimated size: 39

C:\Program Files (x86)\Microchip\xc8\v1.44\sources\common\fttol.c
		___fttol       		CODE           	0BDC	0000	245

C:\Program Files (x86)\Microchip\xc8\v1.44\sources\common\fttol.c estimated size: 245

shared
		i2_Cmd         		CODE           	1252	0000	25
		i2_Data        		CODE           	123A	0000	25
		__initialization		CODE           	0F48	0000	109
		i2_Delay_us    		CODE           	11D0	0000	33
		i2_Send2Lcd    		CODE           	1072	0000	59

shared estimated size: 251

C:\Program Files (x86)\Microchip\xc8\v1.44\sources\common\ftadd.c
		___ftadd       		CODE           	07CE	0000	429

C:\Program Files (x86)\Microchip\xc8\v1.44\sources\common\ftadd.c estimated size: 429

C:\Program Files (x86)\Microchip\xc8\v1.44\sources\common\ftneg.c
		___ftneg       		CODE           	118C	0000	37

C:\Program Files (x86)\Microchip\xc8\v1.44\sources\common\ftneg.c estimated size: 37

C:\Program Files (x86)\Microchip\xc8\v1.44\sources\common\float.c
		___ftpack      		CODE           	0E9A	0000	175

C:\Program Files (x86)\Microchip\xc8\v1.44\sources\common\float.c estimated size: 175

